
PROGRAM "I:\P1711_1A(781test)\bin\Project.abs"

*********************************************************************************************
TARGET SECTION
---------------------------------------------------------------------------------------------
Processor   : Freescale HC08
Memory Model: SMALL
File Format : ELF\DWARF 2.0
Linker      : SmartLinker V-5.0.37 Build 9279, Oct  7 2009

*********************************************************************************************
FILE SECTION
---------------------------------------------------------------------------------------------
main.c.o                                Model: SMALL,         Lang: ANSI-C
RTSHC08.C.o (ansiis.lib)                Model: SMALL,         Lang: ANSI-C
STRING.C.o (ansiis.lib)                 Model: SMALL,         Lang: ANSI-C
MC9S08AW60.C.o                          Model: SMALL,         Lang: ANSI-C
Start08.c.o                             Model: SMALL,         Lang: ANSI-C
Driv_der.c.o                            Model: SMALL,         Lang: ANSI-C
DTMF.c.o                                Model: SMALL,         Lang: ANSI-C
EEPROM.C.o                              Model: SMALL,         Lang: ANSI-C
FlashWrite.c.o                          Model: SMALL,         Lang: ANSI-C
Ges_der.c.o                             Model: SMALL,         Lang: ANSI-C
Ges_scan.c.o                            Model: SMALL,         Lang: ANSI-C
HomeAutoMation.c.o                      Model: SMALL,         Lang: ANSI-C
KeyHandle.c.o                           Model: SMALL,         Lang: ANSI-C
MCUinit.c.o                             Model: SMALL,         Lang: ANSI-C
Output.c.o                              Model: SMALL,         Lang: ANSI-C
spi.c.o                                 Model: SMALL,         Lang: ANSI-C
VideoStar.c.o                           Model: SMALL,         Lang: ANSI-C
AlarmSystem.c.o                         Model: SMALL,         Lang: ANSI-C

*********************************************************************************************
STARTUP SECTION
---------------------------------------------------------------------------------------------
Entry point: 0x18DB (_Startup)
_startupData is allocated at 0x18E4 and uses 6 Bytes
extern struct _tagStartup {
  unsigned nofZeroOut     1
  _Range   pZeroOut       0x100     1634
  _Copy    *toCopyDownBeg 0xCF84
} _startupData;

*********************************************************************************************
SECTION-ALLOCATION SECTION
Section Name                    Size  Type     From       To       Segment
---------------------------------------------------------------------------------------------
.init                            132     R     0x1860     0x18E3   ROM
.startData                        14     R     0x18E4     0x18F1   ROM
.rodata                          387     R     0x18F2     0x1A74   ROM
.text                          46351     R     0x1A75     0xCF83   ROM
.copy                             10     R     0xCF84     0xCF8D   ROM
.abs_section_0                     1   N/I        0x0        0x0   .absSeg0
.abs_section_1                     1   N/I        0x1        0x1   .absSeg1
.abs_section_2                     1   N/I        0x2        0x2   .absSeg2
.abs_section_3                     1   N/I        0x3        0x3   .absSeg3
.abs_section_4                     1   N/I        0x4        0x4   .absSeg4
.abs_section_5                     1   N/I        0x5        0x5   .absSeg5
.abs_section_6                     1   N/I        0x6        0x6   .absSeg6
.abs_section_7                     1   N/I        0x7        0x7   .absSeg7
.abs_section_8                     1   N/I        0x8        0x8   .absSeg8
.abs_section_9                     1   N/I        0x9        0x9   .absSeg9
.abs_section_a                     1   N/I        0xA        0xA   .absSeg10
.abs_section_b                     1   N/I        0xB        0xB   .absSeg11
.abs_section_c                     1   N/I        0xC        0xC   .absSeg12
.abs_section_d                     1   N/I        0xD        0xD   .absSeg13
.abs_section_10                    1   N/I       0x10       0x10   .absSeg14
.abs_section_11                    1   N/I       0x11       0x11   .absSeg15
.abs_section_16                    1   N/I       0x16       0x16   .absSeg16
.abs_section_17                    1   N/I       0x17       0x17   .absSeg17
.abs_section_18                    1   N/I       0x18       0x18   .absSeg18
.abs_section_1c                    1   N/I       0x1C       0x1C   .absSeg19
.abs_section_1e                    1   N/I       0x1E       0x1E   .absSeg20
.abs_section_1f                    1   N/I       0x1F       0x1F   .absSeg21
.abs_section_20                    1   N/I       0x20       0x20   .absSeg22
.abs_section_25                    1   N/I       0x25       0x25   .absSeg23
.abs_section_28                    1   N/I       0x28       0x28   .absSeg24
.abs_section_2b                    1   N/I       0x2B       0x2B   .absSeg25
.abs_section_2e                    1   N/I       0x2E       0x2E   .absSeg26
.abs_section_31                    1   N/I       0x31       0x31   .absSeg27
.abs_section_34                    1   N/I       0x34       0x34   .absSeg28
.abs_section_3a                    1   N/I       0x3A       0x3A   .absSeg29
.abs_section_3b                    1   N/I       0x3B       0x3B   .absSeg30
.abs_section_3c                    1   N/I       0x3C       0x3C   .absSeg31
.abs_section_3d                    1   N/I       0x3D       0x3D   .absSeg32
.abs_section_3e                    1   N/I       0x3E       0x3E   .absSeg33
.abs_section_3f                    1   N/I       0x3F       0x3F   .absSeg34
.abs_section_42                    1   N/I       0x42       0x42   .absSeg35
.abs_section_43                    1   N/I       0x43       0x43   .absSeg36
.abs_section_44                    1   N/I       0x44       0x44   .absSeg37
.abs_section_45                    1   N/I       0x45       0x45   .absSeg38
.abs_section_46                    1   N/I       0x46       0x46   .absSeg39
.abs_section_47                    1   N/I       0x47       0x47   .absSeg40
.abs_section_48                    1   N/I       0x48       0x48   .absSeg41
.abs_section_49                    1   N/I       0x49       0x49   .absSeg42
.abs_section_4a                    1   N/I       0x4A       0x4A   .absSeg43
.abs_section_4b                    1   N/I       0x4B       0x4B   .absSeg44
.abs_section_4e                    1   N/I       0x4E       0x4E   .absSeg45
.abs_section_50                    1   N/I       0x50       0x50   .absSeg46
.abs_section_51                    1   N/I       0x51       0x51   .absSeg47
.abs_section_52                    1   N/I       0x52       0x52   .absSeg48
.abs_section_53                    1   N/I       0x53       0x53   .absSeg49
.abs_section_55                    1   N/I       0x55       0x55   .absSeg50
.abs_section_58                    1   N/I       0x58       0x58   .absSeg51
.abs_section_59                    1   N/I       0x59       0x59   .absSeg52
.abs_section_5a                    1   N/I       0x5A       0x5A   .absSeg53
.abs_section_5b                    1   N/I       0x5B       0x5B   .absSeg54
.abs_section_5c                    1   N/I       0x5C       0x5C   .absSeg55
.abs_section_60                    1   N/I       0x60       0x60   .absSeg56
.abs_section_65                    1   N/I       0x65       0x65   .absSeg57
.abs_section_68                    1   N/I       0x68       0x68   .absSeg58
.abs_section_1800                  1   N/I     0x1800     0x1800   .absSeg59
.abs_section_1801                  1   N/I     0x1801     0x1801   .absSeg60
.abs_section_1802                  1   N/I     0x1802     0x1802   .absSeg61
.abs_section_1803                  1   N/I     0x1803     0x1803   .absSeg62
.abs_section_1808                  1   N/I     0x1808     0x1808   .absSeg63
.abs_section_1809                  1   N/I     0x1809     0x1809   .absSeg64
.abs_section_180a                  1   N/I     0x180A     0x180A   .absSeg65
.abs_section_1816                  1   N/I     0x1816     0x1816   .absSeg66
.abs_section_1817                  1   N/I     0x1817     0x1817   .absSeg67
.abs_section_1818                  1   N/I     0x1818     0x1818   .absSeg68
.abs_section_1820                  1   N/I     0x1820     0x1820   .absSeg69
.abs_section_1821                  1   N/I     0x1821     0x1821   .absSeg70
.abs_section_1823                  1   N/I     0x1823     0x1823   .absSeg71
.abs_section_1824                  1   N/I     0x1824     0x1824   .absSeg72
.abs_section_1825                  1   N/I     0x1825     0x1825   .absSeg73
.abs_section_1826                  1   N/I     0x1826     0x1826   .absSeg74
.abs_section_1840                  1   N/I     0x1840     0x1840   .absSeg75
.abs_section_1841                  1   N/I     0x1841     0x1841   .absSeg76
.abs_section_1842                  1   N/I     0x1842     0x1842   .absSeg77
.abs_section_1844                  1   N/I     0x1844     0x1844   .absSeg78
.abs_section_1845                  1   N/I     0x1845     0x1845   .absSeg79
.abs_section_1846                  1   N/I     0x1846     0x1846   .absSeg80
.abs_section_1848                  1   N/I     0x1848     0x1848   .absSeg81
.abs_section_1849                  1   N/I     0x1849     0x1849   .absSeg82
.abs_section_184a                  1   N/I     0x184A     0x184A   .absSeg83
.abs_section_184c                  1   N/I     0x184C     0x184C   .absSeg84
.abs_section_184d                  1   N/I     0x184D     0x184D   .absSeg85
.abs_section_184e                  1   N/I     0x184E     0x184E   .absSeg86
.abs_section_1850                  1   N/I     0x1850     0x1850   .absSeg87
.abs_section_1851                  1   N/I     0x1851     0x1851   .absSeg88
.abs_section_1852                  1   N/I     0x1852     0x1852   .absSeg89
.abs_section_1854                  1   N/I     0x1854     0x1854   .absSeg90
.abs_section_1855                  1   N/I     0x1855     0x1855   .absSeg91
.abs_section_1856                  1   N/I     0x1856     0x1856   .absSeg92
.abs_section_1858                  1   N/I     0x1858     0x1858   .absSeg93
.abs_section_1859                  1   N/I     0x1859     0x1859   .absSeg94
.abs_section_185a                  1   N/I     0x185A     0x185A   .absSeg95
.abs_section_12                    2   N/I       0x12       0x13   .absSeg96
.abs_section_14                    2   N/I       0x14       0x15   .absSeg97
.abs_section_21                    2   N/I       0x21       0x22   .absSeg98
.abs_section_23                    2   N/I       0x23       0x24   .absSeg99
.abs_section_26                    2   N/I       0x26       0x27   .absSeg100
.abs_section_29                    2   N/I       0x29       0x2A   .absSeg101
.abs_section_2c                    2   N/I       0x2C       0x2D   .absSeg102
.abs_section_2f                    2   N/I       0x2F       0x30   .absSeg103
.abs_section_32                    2   N/I       0x32       0x33   .absSeg104
.abs_section_35                    2   N/I       0x35       0x36   .absSeg105
.abs_section_38                    2   N/I       0x38       0x39   .absSeg106
.abs_section_40                    2   N/I       0x40       0x41   .absSeg107
.abs_section_4c                    2   N/I       0x4C       0x4D   .absSeg108
.abs_section_61                    2   N/I       0x61       0x62   .absSeg109
.abs_section_63                    2   N/I       0x63       0x64   .absSeg110
.abs_section_66                    2   N/I       0x66       0x67   .absSeg111
.abs_section_69                    2   N/I       0x69       0x6A   .absSeg112
.abs_section_1806                  2   N/I     0x1806     0x1807   .absSeg113
.abs_section_1810                  2   N/I     0x1810     0x1811   .absSeg114
.abs_section_1812                  2   N/I     0x1812     0x1813   .absSeg115
.abs_section_1814                  2   N/I     0x1814     0x1815   .absSeg116
.abs_section_d8f2                  1     R     0xD8F2     0xD8F2   .absSeg117
.abs_section_d8f1                  1     R     0xD8F1     0xD8F1   .absSeg118
.abs_section_d000                 11     R     0xD000     0xD00A   .absSeg119
.abs_section_da00                336     R     0xDA00     0xDB4F   .absSeg120
.abs_section_dc00                336     R     0xDC00     0xDD4F   .absSeg121
.abs_section_de00                336     R     0xDE00     0xDF4F   .absSeg122
.abs_section_e000                336     R     0xE000     0xE14F   .absSeg123
.abs_section_e200                336     R     0xE200     0xE34F   .absSeg124
.abs_section_e400                336     R     0xE400     0xE54F   .absSeg125
.abs_section_e600                336     R     0xE600     0xE74F   .absSeg126
.abs_section_e800                336     R     0xE800     0xE94F   .absSeg127
.abs_section_ea00                336     R     0xEA00     0xEB4F   .absSeg128
.abs_section_ec00                336     R     0xEC00     0xED4F   .absSeg129
.abs_section_ee00                336     R     0xEE00     0xEF4F   .absSeg130
.abs_section_f000                336     R     0xF000     0xF14F   .absSeg131
.abs_section_f200                200     R     0xF200     0xF2C7   .absSeg132
.abs_section_f400                200     R     0xF400     0xF4C7   .absSeg133
.abs_section_f602                 12     R     0xF602     0xF60D   .absSeg134
.abs_section_f60e                 11     R     0xF60E     0xF618   .absSeg135
.abs_section_f619                 54     R     0xF619     0xF64E   .absSeg136
.abs_section_f652                 36     R     0xF652     0xF675   .absSeg137
.abs_section_f676                  7     R     0xF676     0xF67C   .absSeg138
.abs_section_f8eb                  1     R     0xF8EB     0xF8EB   .absSeg139
.abs_section_f8ec                  1     R     0xF8EC     0xF8EC   .absSeg140
.abs_section_f8ed                  1     R     0xF8ED     0xF8ED   .absSeg141
.abs_section_f800                234     R     0xF800     0xF8E9   .absSeg142
.abs_section_fa00                 48     R     0xFA00     0xFA2F   .absSeg143
.abs_section_fa30                120     R     0xFA30     0xFAA7   .absSeg144
.abs_section_fc00                184     R     0xFC00     0xFCB7   .absSeg145
.abs_section_ffbd                  1     R     0xFFBD     0xFFBD   .absSeg146
.abs_section_ffbf                  1     R     0xFFBF     0xFFBF   .absSeg147
.abs_section_ffcc                 52     R     0xFFCC     0xFFFF   .absSeg148
.bss                               3   R/W      0x100      0x102   RAM
DAFAULT                            1   R/W      0x103      0x103   RAM
FAR_RAM                         1567   R/W      0x104      0x722   RAM
.common                           63   R/W      0x723      0x761   RAM
.stack                           153   R/W      0x762      0x7FA   RAM

Summary of section sizes per section type:
READ_ONLY (R):        CB86 (dec:    52102)
READ_WRITE (R/W):      6FB (dec:     1787)
NO_INIT (N/I):          8A (dec:      138)

*********************************************************************************************
VECTOR-ALLOCATION SECTION
    Address     InitValue   InitFunction
---------------------------------------------------------------------------------------------

*********************************************************************************************
OBJECT-ALLOCATION SECTION
     Name               Module                 Addr   hSize   dSize     Ref    Section   RLIB
---------------------------------------------------------------------------------------------
MODULE:                 -- main.c.o --
- PROCEDURES:
     main                                      1A75      74     116       1   .text       
     Init_var                                  1AE9      A8     168       1   .text       
     Theme_Ini                                 1B91      23      35       2   .text       
     SPI_init                                  1BB4       9       9       1   .text       
     DataInit                                  1BBD      FC     252       1   .text       
     Init_time_base                            1CB9      13      19       1   .text       
     Setup_tone                                1CCC     25D     605      17   .text       
     Stop_tone                                 1F29      3D      61       4   .text       
     End_tone                                  1F66      3B      59      12   .text       
     Courtesy_tone                             1FA1      13      19       4   .text       
     Dissuasion_Tone                           1FB4      12      18      36   .text       
     Short_tone                                1FC6      12      18      10   .text       
     Long_Tone                                 1FD8      12      18       3   .text       
     Floor_call_tone                           1FEA       C      12       1   .text       
     Tone_Management                           1FF6      BC     188       1   .text       
     SettoWaitPage                             20B2      10      16       7   .text       
     F_Back_Menu                               20C2      10      16       2   .text       
     Sleep_Menu_init                           20D2      15      21       1   .text       
     IfAlarmSystme_Priority                    20E7      18      24       1   .text       
     States_Management                         20FF     22E     558      51   .text       
     Timers_Management                         232D     940    2368      41   .text       
     isrVsci1rx                                2C6D      61      97       1   .text       
     isrVsci1tx                                2CCE      24      36       1   .text       
     isrVsci1err                               2CF2       A      10       1   .text       
     isrVsci2rx                                2CFC      28      40       1   .text       
     isrVsci2tx                                2D24      24      36       1   .text       
     isrVsci2err                               2D48       A      10       1   .text       
     SwitchTalkToCallModule                    2D52      B0     176       1   .text       
     SwitchTalkToSwitchBoard                   2E02      B1     177       1   .text       
     SwitchTalkMenu                            2EB3      25      37       6   .text       
     SaveEvent                                 2ED8      A5     165       1   .text       
     Mic_State                                 2F7D      30      48       2   .text       
     PutTC_PCN_ON                              2FAD      24      36       2   .text       
     Mic_StateSet                              2FD1       D      13       1   .text       
     PCM_Audio_Set                             2FDE      12      18       4   .text       
     PSTN_State                                2FF0      13      19       1   .text       
     Tel_Video_Menu_Init                       3003      32      50       2   .text       
     Ex_Module_StateManagement                 3035     249     585      27   .text       
     External_Button_Scan                      327E      C3     195       1   .text       
     GetSum                                    3341      22      34       2   .text       
     VerificaTramaRx                           3363      24      36       1   .text       
     bcc_AvvioTx                               3387      1E      30       4   .text       
     Alarm_System_Data_ACK                     33A5     143     323       7   .text       
     Alarm_System_Data_Program                 34E8     145     325       7   .text       
     HA_System_Data_Program                    362D      89     137       1   .text       
     HA_System_Data_ACK                        36B6      AC     172       1   .text       
     HA_System_CCTV_Scenario_Data_Program       3762     13C     316       7   .text       
     HA_System_CCTV_Scenario_Data_ACK          389E     188     392      12   .text       
     Frame_HRB_Verify                          3A26      94     148       1   .text       
     ReceiveDataAck                            3ABA      16      22       1   .text       
     InitSlaveCpu                              3AD0      3A      58       1   .text       
     Rc_Tel_Num                                3B0A     142     322       2   .text       
     Rc_Tel_Verify                             3C4C      45      69       1   .text       
- VARIABLES:
     tone_parameters                           18F2      60      96       2   .rodata     
     call_from_parameters                      1952      48      72       2   .rodata     
     tone_proc                                  104       1       1      23   FAR_RAM     
     period_f0                                  105       2       2      13   FAR_RAM     
     period_f0_on                               107       2       2       4   FAR_RAM     
     numper_f0_on                               109       2       2       5   FAR_RAM     
     numper_f0_off                              10B       2       2       3   FAR_RAM     
     period_f1                                  10D       2       2      11   FAR_RAM     
     period_f1_on                               10F       2       2       2   FAR_RAM     
     numper_f1_on                               111       2       2       2   FAR_RAM     
     numper_f1_off                              113       2       2       2   FAR_RAM     
     num_door_opencket_biton                    115       1       1       7   FAR_RAM     
     num_sequence_biton                         116       1       1       6   FAR_RAM     
     tone_num_door_openk_biton                  117       1       1       3   FAR_RAM     
     tone_num_seq_biton                         118       1       1       2   FAR_RAM     
     kind_of_ring                               119       1       1      16   FAR_RAM     
     kind_of_ring_save                          11A       1       1      11   FAR_RAM     
     kind_of_ring_bck                           11B       1       1       1   FAR_RAM     
     call_from                                  11C       1       1      13   FAR_RAM     
     tone_door_openuse_bitonal                  11D       2       2       3   FAR_RAM     
     tone_door_openuse_sequence                 11F       2       2       3   FAR_RAM     
     proc_scan                                  121       1       1      14   FAR_RAM     
     timer_proc_scan                            122       1       1       6   FAR_RAM     
     hook_state                                 123       1       1       2   FAR_RAM     
     hook_state_toggled                         124       1       1      28   FAR_RAM     
     dip_sw                                     125       1       1       3   FAR_RAM     
     button                                     126       2       2      11   FAR_RAM     
     state_door_opennic                         128       1       1       7   FAR_RAM     
     timer_wait_offhook_audio                   129       2       2      11   FAR_RAM     
     Internal                                   12B       1       1      30   FAR_RAM     
     User                                       12C       1       1      19   FAR_RAM     
     MODO_State                                 12D       1       1      66   FAR_RAM     
     Sub_MODO_State                             12E       1       1      64   FAR_RAM     
     timer_ring_delay                           12F       1       1      15   FAR_RAM     
     timer_delayed_event                        130       1       1       6   FAR_RAM     
     Frame_copy                                 131       8       8      12   FAR_RAM     
     kind_of_my_communication                   139       1       1      22   FAR_RAM     
     number_SVC                                 13A       1       1       4   FAR_RAM     
     Timer_Retry_D_Panic                        13B       1       1       6   FAR_RAM     
     Num_Retry_D_Panic                          13C       1       1       4   FAR_RAM     
     Timer_Retry_D_Alarm                        13D       1       1       6   FAR_RAM     
     Num_Retry_D_Alarm                          13E       1       1       4   FAR_RAM     
     Timer_Retry_D_PresenceAbsence              13F       1       1       7   FAR_RAM     
     Num_Retry_D_PresenceAbsence                140       1       1       4   FAR_RAM     
     timer_100ms                                141       1       1       4   FAR_RAM     
     timer_10ms                                 142       1       1       4   FAR_RAM     
     timer_1min                                 143       1       1       4   FAR_RAM     
     TEST_Phase_Active                          144       1       1       4   FAR_RAM     
     Old_Value                                  145       1       1       2   FAR_RAM     
     Battery_State                              146       1       1       4   FAR_RAM     
     ST_p_ret_val                               147       2       2       2   FAR_RAM     
     BitVars                                    149       1       1      26   FAR_RAM     
     BitVars1                                   14A       1       1      45   FAR_RAM     
     R_kind_of_ringtone_cito                    14B       1       1       6   FAR_RAM     
     R_kind_of_ringtone_floor                   14C       1       1       4   FAR_RAM     
     R_kind_of_ringtone_PSTN                    14D       1       1       3   FAR_RAM     
     R_Audio_Volume                             14E       1       1       2   FAR_RAM     
     R_Volume_Call                              14F       1       1      10   FAR_RAM     
     R_presence_absence                         150       1       1      10   FAR_RAM     
     edges_counter                              151       1       1       4   FAR_RAM     
     burst_lenght                               152       1       1       6   FAR_RAM     
     open_door_button                           153       1       1       5   FAR_RAM     
     button_lasting                             154       1       1       3   FAR_RAM     
     switch_on_button                           155       1       1       6   FAR_RAM     
     button_lasting_lcd                         156       1       1       3   FAR_RAM     
     timer_delay_offhook                        157       1       1       7   FAR_RAM     
     hook_timer_idle                            158       1       1       6   FAR_RAM     
     dummy                                      159       1       1       1   FAR_RAM     
     WD_line_der                                15A       2       2       4   FAR_RAM     
     OLD_MODO_State                             15C       1       1      16   FAR_RAM     
     OLD_Sub_Modo_State                         15D       1       1      12   FAR_RAM     
     Timer_Inactivity                           15E       1       1       7   FAR_RAM     
     temp                                       15F       1       1       6   FAR_RAM     
     Button_for_dentist                         160       1       1       5   FAR_RAM     
     int_k                                      161       1       1       4   FAR_RAM     
     Timer_GUI_locking                          162       1       1      12   FAR_RAM     
     Timer_Wait_Tone                            163       1       1       6   FAR_RAM     
     MenuSleepTime                              164       1       1       5   FAR_RAM     
     Timer_SHSTC                                165       1       1      13   FAR_RAM     
     PageStatus                                 166       1       1     114   FAR_RAM     
     OldPageStatus                              167       1       1       2   FAR_RAM     
     KeyValue                                   168       1       1      88   FAR_RAM     
     PhoneRIndex                                169       1       1       5   FAR_RAM     
     PhoneBookPage                              16A       1       1      15   FAR_RAM     
     Temp_Record                                16B      18      24      62   FAR_RAM     
     inputfocus                                 183       1       1       9   FAR_RAM     
     temp1                                      184       1       1      83   FAR_RAM     
     temp2                                      185       1       1      33   FAR_RAM     
     temp3                                      186       1       1      20   FAR_RAM     
     temp4                                      187       1       1      11   FAR_RAM     
     temp5                                      188       1       1      11   FAR_RAM     
     temp6                                      189       1       1       5   FAR_RAM     
     temp7                                      18A       1       1      10   FAR_RAM     
     temp8                                      18B       1       1       9   FAR_RAM     
     temp9                                      18C       1       1      13   FAR_RAM     
     BackMenu                                   18D       1       1       3   FAR_RAM     
     VolumeMenu                                 18E       1       1       2   FAR_RAM     
     index_buffer_tx_JD                         18F       1       1       4   FAR_RAM     
     tx_len_JD                                  190       1       1       2   FAR_RAM     
     tx_buf_Program                             191      1C      28       7   FAR_RAM     
     Old_index_buffer_rx_JD                     1AD       1       1       3   FAR_RAM     
     index_buffer_rx_JD                         1AE       1       1       7   FAR_RAM     
     rx_buf_Program                             1AF      18      24       8   FAR_RAM     
     JD_RxDone                                  1C7       1       1       3   FAR_RAM     
     JD_TX_Queue                                1C8     1E4     484     109   FAR_RAM     
     JD_TX_Frame_Index                          3AC       1       1      17   FAR_RAM     
     JD_Save_Frame_Index                        3AD       1       1      31   FAR_RAM     
     JD_TX_Frame_Time                           3AE       1       1       7   FAR_RAM     
     JD_Buf_Clear_Time                          3AF       1       1       3   FAR_RAM     
     Flag                                       3B0       1       1      22   FAR_RAM     
     New_Flag3                                  3B1       1       1       2   FAR_RAM     
     Flag4                                      3B2       1       1      32   FAR_RAM     
     SystemStatus                               3B3       1       1      35   FAR_RAM     
     PasswordRequest                            3B4       1       1       7   FAR_RAM     
     Common_falg                                3B5       1       1      11   FAR_RAM     
     SettingPara                                3B6       9       9      94   FAR_RAM     
     SaveInf                                    3BF       2       2       7   FAR_RAM     
     SaveData                                   3C1     150     336      24   FAR_RAM     
     ICON                                       511       1       1       7   FAR_RAM     
     AddressResult                              512       2       2       9   FAR_RAM     
     R_Clock                                    514       6       6      17   FAR_RAM     
     R_Date                                     51A       9       9       9   FAR_RAM     
     R_Clock_Temp                               523       6       6      30   FAR_RAM     
     R_Date_Temp                                529       9       9      47   FAR_RAM     
     JD_start_wait                              532       1       1      14   FAR_RAM     
     Tel_num                                    533      10      16      28   FAR_RAM     
     Tel_index                                  543       1       1      61   FAR_RAM     
     Tel_det_Low                                544       2       2      11   FAR_RAM     
     Edit_Index                                 546       1       1      21   FAR_RAM     
     Tel_Det_State                              547       1       1       8   FAR_RAM     
     RoomIndex                                  548       1       1       7   FAR_RAM     
     RoomSelect                                 549       1       1      53   FAR_RAM     
     Button_Index                               54A       1       1       8   FAR_RAM     
     KeySelect                                  54B       1       1       2   FAR_RAM     
     Alarm_Enable_Time_Delay_CNT                54C       1       1       7   FAR_RAM     
     CheckDTMF_Delay                            54D       1       1       8   FAR_RAM     
     Object_Button_Same_Cnt                     54E       1       1       4   FAR_RAM     
     Filter_ID                                  54F       1       1      12   FAR_RAM     
     Buttonlist_Menu_ID                         550       1       1      14   FAR_RAM     
     Filter_Button_Select                       551       1       1      47   FAR_RAM     
     Filter_KeySelect                           552       1       1      46   FAR_RAM     
     KNX_RxBuf                                  553      10      16       4   FAR_RAM     
     KNX_R_len                                  563       1       1       7   FAR_RAM     
     KNX_TX_Frame_Time                          564       1       1       4   FAR_RAM     
     Tel_num_Record                             565       2       2      10   FAR_RAM     
     LightStatus                                567      18      24      36   FAR_RAM     
     DlySendTimeEven                            57F       1       1       4   FAR_RAM     
     TPM2_ch1_pluse_val                         580       4       4       3   FAR_RAM     
     pluse_width_base                           584       4       4       5   FAR_RAM     
     TPM2_ch1_interrupt_times                   588       1       1       5   FAR_RAM     
     blind_audio_error_times                    589       1       1       4   FAR_RAM     
     blind_audio_period_limit                   58A       1       1       2   FAR_RAM     
     blind_audio_period_times                   58B       1       1       7   FAR_RAM     
     TPM2_time_overflow_times                   58C       1       1       6   FAR_RAM     
     blind_audio_dec_times                      58D       1       1       6   FAR_RAM     
     Dly_EN_Capture                             58E       1       1       2   FAR_RAM     
     TPM2_capture_times                         58F       1       1       8   FAR_RAM     
     capture_counter                            590       6       6       6   FAR_RAM     
     capture_overflow                           596       3       3       5   FAR_RAM     
     BlindAudio_NO                              599       1       1       3   FAR_RAM     
     OLD_Sub_MODO_State1                        59A       1       1       2   FAR_RAM     
     BlindAudioWaveWaitTime                     59B       1       1       4   FAR_RAM     
     TelRdFrameTime                             59C       1       1       8   FAR_RAM     
     SpiSendBuf                                 59D       4       4      10   FAR_RAM     
     RdTelNumErrorTimes                         5A1       1       1       3   FAR_RAM     
     Memory_S                                   5A2      55      85      32   FAR_RAM     
     Tel_Log_Index                              5F7       1       1       7   FAR_RAM     
     EventHandle_Flag                           5F8       1       1      15   FAR_RAM     
     AC_Status                                  5F9       C      12      41   FAR_RAM     
     A_CTemperature                             605       C      12      37   FAR_RAM     
     AC_Temperature_From_Sensor                 611       C      12       7   FAR_RAM     
     Timer_Event_temp                           61D      17      23      86   FAR_RAM     
     Timer_Event_Index                          634       1       1       4   FAR_RAM     
     Timer_Event_Inf_Index                      635       1       1      25   FAR_RAM     
     Timer_Event_Delay                          636       1       1       4   FAR_RAM     
     TimeEvent_Flag                             637       1       1       6   FAR_RAM     
     Event_Step                                 638       1       1       7   FAR_RAM     
     Timer_Handle_TimerEvent                    639      10      16      10   FAR_RAM     
     Timer_Reflash_Count                        649       2       2       4   FAR_RAM     
     RoleAlarmSystem                            64B       1       1       6   FAR_RAM     
     AlarmP                                     64C       2       2      16   FAR_RAM     
     A_password                                 64E       2       2       5   FAR_RAM     
     Alarm_DelayTime_Cnt                        650       A      10       7   FAR_RAM     
     Alarm_Delay_Tone_Cnt                       65A       1       1       9   FAR_RAM     
     JDFunctionCallBack                         65B       2       2      17   FAR_RAM     
     JDFunctionCallBack1                        65D       2       2      10   FAR_RAM     
     JDFunctionCallBack2                        65F       2       2      13   FAR_RAM     
     ExitMenu                                   661       2       2      16   FAR_RAM     
     SetTimeDelay                               663       1       1      19   FAR_RAM     
     PSTN_Call_TimeOut_Cnt                      664       1       1       8   FAR_RAM     
     DTMF_State                                 665       1       1      23   FAR_RAM     
     DTMF_wait                                  666       1       1       6   FAR_RAM     
     MainMenu                                   667       1       1      32   FAR_RAM     
     Max_TX_Index                               668       1       1       3   FAR_RAM     
     KeyLimitDly                                669       1       1       6   FAR_RAM     
     KNX_Buf                                    66A      10      16      70   FAR_RAM     
     KNX_Buf_TX                                 67A      10      16      37   FAR_RAM     
     KNX_Buf_TX_Length                          68A       1       1      13   FAR_RAM     
     KNX_Buf_RC                                 68B      10      16       5   FAR_RAM     
     KNX_R_TX_P                                 69B       1       1       5   FAR_RAM     
     KNX_R_RC_P                                 69C       1       1      12   FAR_RAM     
     KNX_R_RC_P_old                             69D       1       1       3   FAR_RAM     
     KNX_R_RC_Verify                            69E       1       1       6   FAR_RAM     
     FrameV_T_CNT                               69F       1       1       4   FAR_RAM     
     KNX_Q_Buffer                               6A0      14      20      10   FAR_RAM     
     KNX_TX_Index                               6B4       1       1       7   FAR_RAM     
     KNX_Save_Index                             6B5       1       1       6   FAR_RAM     
     HRB_TX_Time_CNT                            6B6       1       1       1   FAR_RAM     
     VolumeBar_DisplayTime                      6B7       1       1       4   FAR_RAM     
     PanicCancleTime                            6B8       1       1       7   FAR_RAM     
     RGB_Light                                  6B9       1       1       6   FAR_RAM     
     Group_Address                              6BA       4       4      10   FAR_RAM     
     Need_Show_buttons                          6BE       1       1       2   FAR_RAM     
     AlarmKnowsFlag                             6BF       2       2       8   FAR_RAM     
     AlarmNeed_Reset_Flag                       6C1       2       2      13   FAR_RAM     
     AlarmDisplay_Channel                       6C3       1       1       7   FAR_RAM     
     Alarm_Type_To_Switchboard                  6C4       2       2       5   FAR_RAM     
     WarningToneTime                            6C6       1       1       4   FAR_RAM     
     WarningToneNumber                          6C7       1       1       4   FAR_RAM     
     BT_Check_Time                              6C8       1       1       5   FAR_RAM     
     TEST_AA                                    723       1       1       6   .common     
     Slave_Spi_EN_Dly                           724       1       1       3   .common     
     Rc_Tel_num                                 725      16      22      12   .common     
     PCM_OnOff_Interval                         73B       1       1       4   .common     
     timer_sec                                  73C       2       2       5   .common     
     b1                                         73E       1       1       3   .common     
     numper                                     73F       2       2       6   .common     
     numper_on                                  741       2       2       3   .common     
     numper_off                                 743       2       2       4   .common     
     timer_repeat_tone                          745       2       2       4   .common     
     timer_door_openuse_tone                    747       2       2       7   .common     
     phase_tone                                 749       1       1       3   .common     
     freq_tone                                  74A       1       1       3   .common     
     tone_t_rep                                 74B       2       2       3   .common     
     Gas_detector_button_time                   74D       1       1       5   .common     
     Lock_button_time                           74E       1       1       4   .common     
     call_switchboard_button_time               74F       1       1       4   .common     
     Hook_button_time                           750       1       1       5   .common     
     PCM1_Call_MODO_Button_time                 751       1       1       4   .common     
     NoKeyTime                                  752       1       1       4   .common     
     PCM_Button_Detect_Wait                     753       1       1       4   .common     
     Pcm_TalkTime                               754       2       2       5   .common     
     Pin_IO_Set_Delay                           756       1       1       4   .common     
     PCMcallingTime                             757       1       1       6   .common     
     VolumeCNT                                  758       1       1       6   .common     
     PCM_LOCK_TIME                              759       1       1       4   .common     
     Read74HC165_Time                           75A       1       1       4   .common     
     Simulate_Hook_On_Time                      75B       1       1       4   .common     
     Delay_Hook_Press_Time                      75C       1       1       4   .common     
     StartEndFlag                               75D       1       1       3   .common     
MODULE:                 -- RTSHC08.C.o (ansiis.lib) --
- PROCEDURES:
     _PUSH_ARGS_L                              3C91      20      32       2   .text       
     _ENTER_UNARY_L                            3CB1      29      41       2   .text       
     _ENTER_BINARY_L                           3CDA      16      22       1   .text       
     _ENTER_BINARY_L_RC                        3CF0      19      25       4   .text       
     _IDIVMOD                                  3D09      69     105       2   .text       
     _SPLITSIGN                                3D72      1C      28       2   .text       
     _LADD_k_is_k_plus_j                       3D8E      1F      31       1   .text       
     _LSUB_k_is_k_minus_j                      3DAD      1F      31       1   .text       
     _LDIVMOD                                  3DCC      A4     164       1   .text       
     _LDIVU_k_is_k_div_j                       3E70      17      23       1   .text       
     _LCMP_k_rel_j                             3E87      1F      31       2   .text       
     _BMODS                                    3EA6      17      23       1   .text       
     _IMUL_STAR08                              3EBD      27      39      17   .text       
     _IDIVS_STAR08                             3EE4      1B      27       2   .text       
     _IDIVU_STAR08                             3EFF       D      13       9   .text       
     _IMODS_STAR08                             3F0C      25      37       1   .text       
     _IDIVU_8                                  3F31       E      14       2   .text       
     _ILSR                                     3F3F       C      12       5   .text       
     _ILSL                                     3F4B       C      12      32   .text       
     _ICMP                                     3F57      16      22       6   .text       
     _LDEC                                     3F6D      1C      28       1   .text       
     _LNOT                                     3F89      10      16       1   .text       
     _LADD_RC                                  3F99       6       6       1   .text       
     _LSUB_RC                                  3F9F       6       6       2   .text       
     _LDIVU_RC                                 3FA5       6       6       1   .text       
     _LCMP                                     3FAB       6       6       2   .text       
     _LCMP_RC                                  3FB1       6       6       2   .text       
     _COPY                                     3FB7      30      48       5   .text       
     _POP32                                    3FE7      1A      26       2   .text       
     _SEXT16_32                                4001       D      13       2   .text       
     _Jump_Table_Addr                          400E      16      22      16   .text       
     _Jump_Table_Offset                        4024      19      25      14   .text       
     _Jump_Table_Header_Addr                   403D      2F      47       8   .text       
     _Jump_Table_Header_Offset                 406C      24      36      11   .text       
     _Search_Table_8_Addr                      4090      21      33      11   .text       
- VARIABLES:
MODULE:                 -- STRING.C.o (ansiis.lib) --
- PROCEDURES:
     memcmp                                    40B1      56      86       1   .text       
     memcpy                                    4107      3D      61      49   .text       
     memset                                    4144      30      48      14   .text       
- VARIABLES:
MODULE:                 -- MC9S08AW60.C.o --
- PROCEDURES:
- VARIABLES:
     _PTAD                                        0       1       1      26   .abs_section_0
     _PTADD                                       1       1       1       1   .abs_section_1
     _PTBD                                        2       1       1      35   .abs_section_2
     _PTBDD                                       3       1       1       1   .abs_section_3
     _PTCD                                        4       1       1      17   .abs_section_4
     _PTCDD                                       5       1       1       1   .abs_section_5
     _PTDD                                        6       1       1      42   .abs_section_6
     _PTDDD                                       7       1       1       1   .abs_section_7
     _PTED                                        8       1       1      27   .abs_section_8
     _PTEDD                                       9       1       1       1   .abs_section_9
     _PTFD                                        A       1       1      35   .abs_section_a
     _PTFDD                                       B       1       1       1   .abs_section_b
     _PTGD                                        C       1       1      34   .abs_section_c
     _PTGDD                                       D       1       1       1   .abs_section_d
     _ADC1SC1                                    10       1       1       0   .abs_section_10
     _ADC1SC2                                    11       1       1       0   .abs_section_11
     _ADC1CFG                                    16       1       1       0   .abs_section_16
     _APCTL1                                     17       1       1       0   .abs_section_17
     _APCTL2                                     18       1       1       0   .abs_section_18
     _IRQSC                                      1C       1       1       7   .abs_section_1c
     _KBI1SC                                     1E       1       1       0   .abs_section_1e
     _KBI1PE                                     1F       1       1       0   .abs_section_1f
     _TPM1SC                                     20       1       1       7   .abs_section_20
     _TPM1C0SC                                   25       1       1       3   .abs_section_25
     _TPM1C1SC                                   28       1       1       8   .abs_section_28
     _TPM1C2SC                                   2B       1       1       5   .abs_section_2b
     _TPM1C3SC                                   2E       1       1       0   .abs_section_2e
     _TPM1C4SC                                   31       1       1       3   .abs_section_31
     _TPM1C5SC                                   34       1       1       0   .abs_section_34
     _SCI1C1                                     3A       1       1       1   .abs_section_3a
     _SCI1C2                                     3B       1       1       5   .abs_section_3b
     _SCI1S1                                     3C       1       1       4   .abs_section_3c
     _SCI1S2                                     3D       1       1       1   .abs_section_3d
     _SCI1C3                                     3E       1       1       1   .abs_section_3e
     _SCI1D                                      3F       1       1       5   .abs_section_3f
     _SCI2C1                                     42       1       1       1   .abs_section_42
     _SCI2C2                                     43       1       1       7   .abs_section_43
     _SCI2S1                                     44       1       1       5   .abs_section_44
     _SCI2S2                                     45       1       1       1   .abs_section_45
     _SCI2C3                                     46       1       1       1   .abs_section_46
     _SCI2D                                      47       1       1       5   .abs_section_47
     _ICGC1                                      48       1       1       1   .abs_section_48
     _ICGC2                                      49       1       1       1   .abs_section_49
     _ICGS1                                      4A       1       1       0   .abs_section_4a
     _ICGS2                                      4B       1       1       0   .abs_section_4b
     _ICGTRM                                     4E       1       1       1   .abs_section_4e
     _SPI1C1                                     50       1       1       1   .abs_section_50
     _SPI1C2                                     51       1       1       1   .abs_section_51
     _SPI1BR                                     52       1       1       1   .abs_section_52
     _SPI1S                                      53       1       1      10   .abs_section_53
     _SPI1D                                      55       1       1      10   .abs_section_55
     _IIC1A                                      58       1       1       0   .abs_section_58
     _IIC1F                                      59       1       1       0   .abs_section_59
     _IIC1C                                      5A       1       1       0   .abs_section_5a
     _IIC1S                                      5B       1       1       0   .abs_section_5b
     _IIC1D                                      5C       1       1       0   .abs_section_5c
     _TPM2SC                                     60       1       1      13   .abs_section_60
     _TPM2C0SC                                   65       1       1      10   .abs_section_65
     _TPM2C1SC                                   68       1       1       0   .abs_section_68
     _SRS                                      1800       1       1       4   .abs_section_1800
     _SBDFR                                    1801       1       1       0   .abs_section_1801
     _SOPT                                     1802       1       1       1   .abs_section_1802
     _SMCLK                                    1803       1       1       1   .abs_section_1803
     _SRTISC                                   1808       1       1       0   .abs_section_1808
     _SPMSC1                                   1809       1       1       1   .abs_section_1809
     _SPMSC2                                   180A       1       1       1   .abs_section_180a
     _DBGC                                     1816       1       1       0   .abs_section_1816
     _DBGT                                     1817       1       1       0   .abs_section_1817
     _DBGS                                     1818       1       1       0   .abs_section_1818
     _FCDIV                                    1820       1       1       2   .abs_section_1820
     _FOPT                                     1821       1       1       0   .abs_section_1821
     _FCNFG                                    1823       1       1       0   .abs_section_1823
     _FPROT                                    1824       1       1       0   .abs_section_1824
     _FSTAT                                    1825       1       1       4   .abs_section_1825
     _FCMD                                     1826       1       1       0   .abs_section_1826
     _PTAPE                                    1840       1       1       1   .abs_section_1840
     _PTASE                                    1841       1       1       1   .abs_section_1841
     _PTADS                                    1842       1       1       1   .abs_section_1842
     _PTBPE                                    1844       1       1       1   .abs_section_1844
     _PTBSE                                    1845       1       1       1   .abs_section_1845
     _PTBDS                                    1846       1       1       1   .abs_section_1846
     _PTCPE                                    1848       1       1       1   .abs_section_1848
     _PTCSE                                    1849       1       1       1   .abs_section_1849
     _PTCDS                                    184A       1       1       1   .abs_section_184a
     _PTDPE                                    184C       1       1       1   .abs_section_184c
     _PTDSE                                    184D       1       1       1   .abs_section_184d
     _PTDDS                                    184E       1       1       1   .abs_section_184e
     _PTEPE                                    1850       1       1       1   .abs_section_1850
     _PTESE                                    1851       1       1       1   .abs_section_1851
     _PTEDS                                    1852       1       1       1   .abs_section_1852
     _PTFPE                                    1854       1       1       1   .abs_section_1854
     _PTFSE                                    1855       1       1       1   .abs_section_1855
     _PTFDS                                    1856       1       1       1   .abs_section_1856
     _PTGPE                                    1858       1       1       1   .abs_section_1858
     _PTGSE                                    1859       1       1       1   .abs_section_1859
     _PTGDS                                    185A       1       1       1   .abs_section_185a
     _ADC1R                                      12       2       2       0   .abs_section_12
     _ADC1CV                                     14       2       2       0   .abs_section_14
     _TPM1CNT                                    21       2       2       3   .abs_section_21
     _TPM1MOD                                    23       2       2       1   .abs_section_23
     _TPM1C0V                                    26       2       2       4   .abs_section_26
     _TPM1C1V                                    29       2       2       1   .abs_section_29
     _TPM1C2V                                    2C       2       2       7   .abs_section_2c
     _TPM1C3V                                    2F       2       2       0   .abs_section_2f
     _TPM1C4V                                    32       2       2       3   .abs_section_32
     _TPM1C5V                                    35       2       2       0   .abs_section_35
     _SCI1BD                                     38       2       2       1   .abs_section_38
     _SCI2BD                                     40       2       2       2   .abs_section_40
     _ICGFLT                                     4C       2       2       1   .abs_section_4c
     _TPM2CNT                                    61       2       2       0   .abs_section_61
     _TPM2MOD                                    63       2       2       3   .abs_section_63
     _TPM2C0V                                    66       2       2       2   .abs_section_66
     _TPM2C1V                                    69       2       2       0   .abs_section_69
     _SDID                                     1806       2       2       0   .abs_section_1806
     _DBGCA                                    1810       2       2       0   .abs_section_1810
     _DBGCB                                    1812       2       2       0   .abs_section_1812
     _DBGF                                     1814       2       2       0   .abs_section_1814
MODULE:                 -- Start08.c.o --
- PROCEDURES:
     loadByte                                  1860       E      14       5   .init       
     Init                                      186E      6D     109       1   .init       
     _Startup                                  18DB       9       9       1   .init       
- VARIABLES:
     _startupData                              18E4       6       6       4   .startData  
- LABELS:
     __SEG_END_SSTACK                           7FB       0       0       1               
MODULE:                 -- Driv_der.c.o --
- PROCEDURES:
     InitializeDRV_der                         4174      23      35       1   .text       
     GestProt_der                              4197     151     337       3   .text       
     InitProtocol_der                          42E8      32      50       1   .text       
     StartTx_der                               431A      10      16       1   .text       
     FormatFrameTx_der                         432A      58      88       1   .text       
     FormatFrameRx_der                         4382      21      33       1   .text       
     FineRxKO_der                              43A3      18      24       1   .text       
     Check_the_Checksum_der                    43BB      4A      74       1   .text       
     EndRx_der                                 4405      49      73       1   .text       
     CheckLenght_der                           444E      12      18       1   .text       
     InitTx_der                                4460       8       8       1   .text       
     TxBuffer_der                              4468      67     103       2   .text       
     InitRx_der                                44CF       8       8       2   .text       
     TimerProtocol_der                         44D7      79     121       1   .text       
     Incr_index_queue_in_der                   4550      10      16      26   .text       
     Incr_index_queue_out_der                  4560      10      16       3   .text       
     InitHWProtocol_der                        4570       D      13       1   .text       
     EnableStartRx_der                         457D      10      16       5   .text       
     DisableStartRx_der                        458D       5       5       1   .text       
     Enable_int_rx_der                         4592       5       5       2   .text       
     isr_Pin_rx_der                            4597      3B      59       1   .text       
     TimerDriver_der                           45D2     16C     364      10   .text       
     Abort_frame_der                           473E      56      86       1   .text       
- VARIABLES:
     run_gestprot_der                           100       1       1      17   .bss        
     mac_der_state                              101       1       1      12   .bss        
     counter_der_line_state                     102       1       1       2   .bss        
     p_der_queue_tx_appl                        6C9       2       2      19   FAR_RAM     
     pointer_data_der_rx_appl                   6CB       2       2      36   FAR_RAM     
     der_protocol_flags                         6CD       1       1      10   FAR_RAM     
     tx_der_buffer_index                        6CE       1       1       5   FAR_RAM     
     rx_der_buffer_index                        6CF       1       1       7   FAR_RAM     
     dataready_tx_der_wait_timer                6D0       1       1       7   FAR_RAM     
     der_queue_tx_appl                          6D1      1C      28      38   FAR_RAM     
     data_der_rx_appl                           6ED       A      10       1   FAR_RAM     
     queue_index_tx_in_der                      6F7       1       1      21   FAR_RAM     
     queue_index_tx_out_der                     6F8       1       1      10   FAR_RAM     
     der_idle_detector                          6F9       1       1       6   FAR_RAM     
     der_collision_detected                     6FA       1       1       5   FAR_RAM     
     buffer_tx_der                              6FB       A      10      13   FAR_RAM     
     buffer_rx_der                              705       A      10       4   FAR_RAM     
     cnt_bit_rx_der                             70F       1       1       6   FAR_RAM     
     sample_bit_der                             710       1       1       9   FAR_RAM     
     n_byte_to_tx_der                           711       1       1       6   FAR_RAM     
     n_byte_rx_der                              712       1       1       3   FAR_RAM     
     char_tx_der                                713       2       2       7   FAR_RAM     
     bck_char_tx_der                            715       2       2       2   FAR_RAM     
     char_rx_der                                717       2       2       6   FAR_RAM     
     timer_interchar_der                        719       1       1       8   FAR_RAM     
     timer_interframe_der                       71A       1       1       8   FAR_RAM     
     tx_der_retry                               71B       1       1       5   FAR_RAM     
     der_wrong_frame_counter                    71C       1       1       1   FAR_RAM     
     der_rx_error                               71D       1       1       1   FAR_RAM     
     counter_rnd_der                            71E       1       1       3   FAR_RAM     
     wait_conf_guard_timer                      71F       2       2       6   FAR_RAM     
     pt                                         721       2       2       3   FAR_RAM     
     driver_der_events                          75E       1       1      12   .common     
     timer_driver_der                           75F       1       1       5   .common     
     der_protocol_manager_state                 760       1       1      13   .common     
MODULE:                 -- DTMF.c.o --
- PROCEDURES:
     Delay                                     4794       F      15       4   .text       
     Tel_Call                                  47A3      52      82       1   .text       
     Tel_Call_StopCode                         47F5      2F      47       1   .text       
     DTMF_Management                           4824      A3     163       1   .text       
     Telephone_Call_Detect                     48C7     22C     556      22   .text       
- VARIABLES:
MODULE:                 -- EEPROM.C.o --
- PROCEDURES:
     SavePhoneBookRecord                       4AF3      29      41       1   .text       
     SaveAudioPara                             4B1C      17      23       6   .text       
     DefaultSetting                            4B33      CE     206       2   .text       
     FlashCopyFuntion1                         4C01      30      48       1   .text       
     FlashEvent                                4C31      1A      26       1   .text       
     SaveNewPassword                           4C4B      43      67       1   .text       
     SaveAlarmEnableFlag                       4C8E      1A      26       4   .text       
     SaveZoonBelongInf                         4CA8      4F      79       1   .text       
     SaveTelephoneM_name_DTMF_key              4CF7      17      23       1   .text       
     SavePassword                              4D0E      17      23       1   .text       
     SaveTimerEvent                            4D25      1B      27       1   .text       
     SaveTelephoneNumber                       4D40      33      51       1   .text       
- VARIABLES:
MODULE:                 -- FlashWrite.c.o --
- PROCEDURES:
     HCS08_EE_Init                             4D73       B      11       2   .text       
     flash_byte_prog                           4D7E      42      66       1   .text       
     flash_page_erase                          4DC0      37      55       2   .text       
     flash_byte_read                           4DF7       2       2       2   .text       
     Read_IniData                              4DF9      33      51       1   .text       
     CopyPage                                  4E2C      54      84       3   .text       
     InserData                                 4E80      34      52       1   .text       
     WritePage                                 4EB4      7B     123       6   .text       
     ErasePage                                 4F2F       3       3       1   .text       
     WriteData                                 4F32      51      81       9   .text       
- VARIABLES:
     ROM_PGM                                   199A      28      40       2   .rodata     
     FlagPage1                                 D8F2       1       1       3   .abs_section_d8f2
     FlagPage1Target                           D8F1       1       1       1   .abs_section_d8f1
     F_defaultsettingpara                      D000       B      11       0   .abs_section_d000
     F_882_80_B1                               DA00     150     336       0   .abs_section_da00
     F_882_80_B2                               DC00     150     336       0   .abs_section_dc00
     F_882_80_B3                               DE00     150     336       0   .abs_section_de00
     F_882_80_B4                               E000     150     336       0   .abs_section_e000
     F_882_80_B5                               E200     150     336       0   .abs_section_e200
     F_882_80_B6                               E400     150     336       0   .abs_section_e400
     F_882_80_B7                               E600     150     336       0   .abs_section_e600
     F_882_80_B8                               E800     150     336       0   .abs_section_e800
     F_882_80_B9                               EA00     150     336       0   .abs_section_ea00
     F_882_80_B10                              EC00     150     336       0   .abs_section_ec00
     F_882_80_B11                              EE00     150     336       0   .abs_section_ee00
     F_882_80_B12                              F000     150     336       0   .abs_section_f000
     F_IutPut1                                 F200      C8     200       0   .abs_section_f200
     F_Tel_num                                 F400      C8     200       0   .abs_section_f400
     F_Password_AlarmSystem                    F602       C      12       0   .abs_section_f602
     F_Alarm_System                            F60E       B      11       0   .abs_section_f60e
     F_ZoneName                                F619      36      54       0   .abs_section_f619
     F_Tel_MemoryName                          F652      24      36       0   .abs_section_f652
     T_DTMF_Key                                F676       7       7       0   .abs_section_f676
     F_Scenarioshortcut                        F8EB       1       1       3   .abs_section_f8eb
     F_PCM_Number                              F8EC       1       1       3   .abs_section_f8ec
     F_PCM_Door_Open_Time                      F8ED       1       1       2   .abs_section_f8ed
     F_ScenarioPara                            F800      EA     234       0   .abs_section_f800
     F_CCTV_Para                               FA00      30      48       0   .abs_section_fa00
     F_RoomType                                FA30      78     120       0   .abs_section_fa30
     F_Timer_Event                             FC00      B8     184       0   .abs_section_fc00
     _pgm1                                      761       1       1       3   .common     
MODULE:                 -- Ges_der.c.o --
- PROCEDURES:
     Derivation_Frame_Management               4F83      70     112       1   .text       
     Free_Line                                 4FF3      29      41       7   .text       
     Frame_AS_Management                       501C     830    2096     167   .text       
     Gest_ST_TXCompleted                       584C     124     292       4   .text       
     Button_Selfinsertion_Cyclic               5970      84     132       2   .text       
     Gest_Panic                                59F4      33      51       3   .text       
     Gest_Alarm                                5A27      13      19       2   .text       
     Presence_Absence_Management               5A3A      41      65       2   .text       
     Set_Delay_for_Internal                    5A7B      2E      46       3   .text       
     S_In_Call_Frame                           5AA9      2C      44       2   .text       
     S_Special_Frame                           5AD5      2C      44       2   .text       
- VARIABLES:
     der_appl_state                             103       1       1       3   DAFAULT     
MODULE:                 -- Ges_scan.c.o --
- PROCEDURES:
     IO_Scan_Management                        5B01     224     548       7   .text       
     Buttons_scan                              5D25     10B     267       1   .text       
     Switch_Off                                5E30      2A      42       7   .text       
     Play_New_Melody                           5E5A      26      38       6   .text       
     Management_Button_for_LCD                 5E80      62      98       1   .text       
- VARIABLES:
MODULE:                 -- HomeAutoMation.c.o --
- PROCEDURES:
     If_JD_Call_Empty                          5EE2      14      20       3   .text       
     OpenHeatChannel                           5EF6      16      22       2   .text       
     CloseHeatChannel                          5F0C      15      21       2   .text       
     OpenCoolChannel                           5F21      16      22       2   .text       
     CloseCoolChannel                          5F37      15      21       2   .text       
     HVAC_Power_ON_OffCallBack                 5F4C      1A      26       2   .text       
     HVAC_ComfortModoCallBack                  5F66      1A      26       2   .text       
     HVAC_NightModeCallBack                    5F80      1A      26       1   .text       
     UpdataTemperatureTOBus                    5F9A      34      52       1   .text       
     CheckDate                                 5FCE      67     103       1   .text       
     FillListData                              6035      42      66       1   .text       
     CheckRecount_Timer                        6077      1B      27       1   .text       
     TimeEventCaculate                         6092     138     312       5   .text       
     TimeEvent                                 61CA     252     594      34   .text       
     TimeToReflashTimeEventCount               641C      72     114       1   .text       
     HomeHA_RoomButton_TypePress_Filter        648E     248     584       8   .text       
     HomeHA_RoomButton_Press_Filter            66D6     32E     814       4   .text       
     abc                                       6A04      3B      59       4   .text       
     HomeHA_RoomDimmerButton_Press             6A3F      EE     238       1   .text       
     HomeHA_RoomRGBButton_Press                6B2D     118     280       6   .text       
     HomeHA_ShutterButton_Press                6C45      DB     219       2   .text       
     HomeHA_ShutterAdjustButton_Press          6D20      77     119       5   .text       
     HomeHA_ShutterPositionButton_Press        6D97      77     119       2   .text       
     HomeHA_ShutterPositionButton_Press_Right       6E0E      77     119       2   .text       
     HomeHA_ACButton_Press                     6E85     186     390      10   .text       
     HA_Button_Init_CallBack_Filter            700B       C      12       3   .text       
     TimerEvent_Edit_Init                      7017       E      14       1   .text       
     TimerEvent_Edit_Init_Back                 7025       8       8       1   .text       
     KNX_Device_Control                        702D      7D     125       1   .text       
     KNX_Device_Control_Queue                  70AA      3B      59      25   .text       
     Rx_KNX_Verify                             70E5     13D     317       4   .text       
     IsMyUpdataStatus                          7222     14F     335       6   .text       
     IsMyACStatus                              7371     145     325       9   .text       
     ScenarioOutput                            74B6      95     149       2   .text       
     CheckMenu                                 754B      22      34       2   .text       
     HA_Menu_Ini                               756D      1D      29       1   .text       
     CCTVOutput                                758A      38      56       2   .text       
     KNX_TX_Managment                          75C2      88     136       1   .text       
     KNX_RC_Managment                          764A      77     119       1   .text       
     StopPlayMelody                            76C1       B      11       2   .text       
     Number_T                                  76CC      18      24       1   .text       
     Telephone_Number_Push                     76E4      49      73       2   .text       
     Tel_HookOFF_Do_Video                      772D      91     145       2   .text       
     Tel_HookOFF_Do                            77BE      F1     241       4   .text       
     DTMF_Key_Out_Put                          78AF      34      52       2   .text       
- VARIABLES:
     Dimmer_Value                              19C2      20      32       1   .rodata     
     RGB_Value                                 19E2      93     147       3   .rodata     
MODULE:                 -- KeyHandle.c.o --
- PROCEDURES:
     Show_Tel_List                             78E3       B      11       2   .text       
     MaxValue5                                 78EE       7       7       8   .text       
     Add_Circle                                78F5       7       7       4   .text       
     Dec_Circle                                78FC       7       7       4   .text       
     TestTone                                  7903       8       8       3   .text       
     Opendoor_Management                       790B      2A      42       2   .text       
     S_OUT_CALL_FUNCTION                       7935      49      73       5   .text       
     JudgeValue                                797E      BD     189       1   .text       
     UpKeyPress                                7A3B      24      36       1   .text       
     DownKeyPress                              7A5F      24      36       1   .text       
     MicroPhoneMutePress                       7A83      4C      76       3   .text       
     AudioButtonPress                          7ACF      1F      31       1   .text       
     ReadTime_From_JDBoard                     7AEE       C      12       2   .text       
     DefaultSave                               7AFA      21      33       1   .text       
     SavePhoneBookRecordQueue                  7B1B      10      16       1   .text       
     ShutCall                                  7B2B      FC     252       5   .text       
     ExitToWaitPage                            7C27      10      16       1   .text       
     SaveInfQueue                              7C37      29      41      11   .text       
     KeyHandle                                 7C60    2CC7   11463     763   .text       
     StairLight                                A927      28      40       1   .text       
- VARIABLES:
MODULE:                 -- MCUinit.c.o --
- PROCEDURES:
     MCU_init                                  A94F      CC     204       1   .text       
     Timer_2milli                              AA1B      6C     108       1   .text       
     capture_ISR                               AA87     14E     334       7   .text       
     Vtpm1ovf_ISR                              ABD5      21      33       1   .text       
     isr_tone_chiam                            ABF6      82     130       1   .text       
     isrVicg                                   AC78       1       1       1   .text       
     isrVirq                                   AC79       E      14       1   .text       
     pluse_width_val                           AC87      7A     122       1   .text       
- VARIABLES:
     NVPROT_INIT                               FFBD       1       1       0   .abs_section_ffbd
     NVOPT_INIT                                FFBF       1       1       0   .abs_section_ffbf
     _vect                                     FFCC      34      52       0   .abs_section_ffcc
MODULE:                 -- Output.c.o --
- PROCEDURES:
     Video                                     AD01       8       8      12   .text       
     Audio                                     AD09      11      17       7   .text       
     BlueToothScan                             AD1A      25      37       1   .text       
- VARIABLES:
MODULE:                 -- spi.c.o --
- PROCEDURES:
     S_Delay                                   AD3F       5       5       6   .text       
     SetVolumeChange                           AD44      66     102       2   .text       
     ClearVolume                               ADAA      1B      27       2   .text       
     Read_HC165                                ADC5      2F      47       1   .text       
     HW_Protocol_Init                          ADF4      3B      59       2   .text       
- VARIABLES:
MODULE:                 -- VideoStar.c.o --
- PROCEDURES:
     JD_TX_Managment                           AE2F      D9     217       5   .text       
     InPutQuere                                AF08      10      16      12   .text       
     LoadJD_Menu                               AF18      4A      74      35   .text       
     LoadJD_SleepMenu                          AF62      3C      60       6   .text       
     SetSwitchIcon                             AF9E      43      67     181   .text       
[...]
 |  |  |     
 |  |  +- Setting_Menu        
 |  |  |  | 
 |  |  |  +- MaxValue5           
 |  |  |  |    
 |  |  |  +- SetSwitchIcon        (see above)
 |  |  |  |  
 |  |  |  +- LoadJD_Menu          (see above)
 |  |  |     
 |  |  +- SetDate             
 |  |  |  | 
 |  |  |  +- Set_Date            
 |  |  |     | 
 |  |  |     +- InPutQuere           (see above)
 |  |  |        
 |  |  +- Add_Circle          
 |  |  |    
 |  |  +- Dec_Circle          
 |  |  |    
 |  |  +- _Jump_Table_Offset   (see above)
 |  |  |  
 |  |  +- MaxValue5            (see above)
 |  |  |  
 |  |  +- Presence_Absence_Management (see above)
 |  |  |  
 |  |  +- SetMainMenuState    
 |  |  |  | 
 |  |  |  +- SetControl_State     (see above)
 |  |  |     
 |  |  +- ReadTime_From_JDBoard
 |  |  |  | 
 |  |  |  +- CheckCommand        
 |  |  |     | 
 |  |  |     +- InPutQuere           (see above)
 |  |  |        
 |  |  +- Play_New_Melody      (see above)
 |  |  |  
 |  |  +- TestTone            
 |  |  |  | 
 |  |  |  +- Play_New_Melody      (see above)
 |  |  |     
 |  |  +- CheckPasswordForUser
 |  |  |    
 |  |  +- HA_Menu_Ini         
 |  |  |  | 
 |  |  |  +- RoomType_Init_Back  
 |  |  |  |  | 
 |  |  |  |  +- RoomType_Init       
 |  |  |  |     | 
 |  |  |  |     +- SetButton_Name       (see above)
 |  |  |  |     |  
 |  |  |  |     +- SetSwitchIcon        (see above)
 |  |  |  |        
 |  |  |  +- LoadJD_Menu          (see above)
 |  |  |  |  
 |  |  |  +- ScenarioMenu_Init   
 |  |  |     | 
 |  |  |     +- SetButton_Name       (see above)
 |  |  |     |  
 |  |  |     +- SetSwitchIcon        (see above)
 |  |  |        
 |  |  +- SaveNewPassword     
 |  |  |  | 
 |  |  |  +- WriteData            (see above)
 |  |  |     
 |  |  +- Free_Line            (see above)
 |  |  |  
 |  |  +- StairLight          
 |  |  |  | 
 |  |  |  +- Incr_index_queue_in_der (see above)
 |  |  |     
 |  |  +- Opendoor_Management 
 |  |  |  | 
 |  |  |  +- Incr_index_queue_in_der (see above)
 |  |  |     
 |  |  +- SetAudio            
 |  |  |  | 
 |  |  |  +- R_SetAudio          
 |  |  |     | 
 |  |  |     +- ClearVolume          (see above)
 |  |  |     |  
 |  |  |     +- SetVolumeChange      (see above)
 |  |  |     |  
 |  |  |     +- SaveAudioPara        (see above)
 |  |  |     |  
 |  |  |     +- SaveInfQueue         (see above)
 |  |  |        
 |  |  +- Init_VolumeBar      
 |  |  |  | 
 |  |  |  +- SetSwitchIcon        (see above)
 |  |  |  |  
 |  |  |  +- SetControl_State     (see above)
 |  |  |     
 |  |  +- MicroPhoneMutePress 
 |  |  |  | 
 |  |  |  +- Mic_State           
 |  |  |  |  | 
 |  |  |  |  +- SetButton_State      (see above)
 |  |  |  |     
 |  |  |  +- SetButton_State      (see above)
 |  |  |     
 |  |  +- AudioButtonPress    
 |  |  |    
 |  |  +- F_Back_Menu          (see above)
 |  |  |  
 |  |  +- CCTVOutput          
 |  |  |  | 
 |  |  |  +- KNX_Device_Control_Queue (see above)
 |  |  |     
 |  |  +- Tel_HookOFF_Do_Video
 |  |  |  | 
 |  |  |  +- StopPlayMelody      
 |  |  |  |  | 
 |  |  |  |  +- Stop_tone            (see above)
 |  |  |  |     
 |  |  |  +- memset               (see above)
 |  |  |  |  
 |  |  |  +- ShowTelNum           (see above)
 |  |  |  |  
 |  |  |  +- LoadJD_Menu          (see above)
 |  |  |  |  
 |  |  |  +- SetSwitchIcon        (see above)
 |  |  |     
 |  |  +- DTMF_Key_Out_Put    
 |  |  |  | 
 |  |  |  +- memset               (see above)
 |  |  |  |  
 |  |  |  +- memcpy               (see above)
 |  |  |     
 |  |  +- memcpy               (see above)
 |  |  |  
 |  |  +- Show_Tel_List       
 |  |  |  | 
 |  |  |  +- LoadJD_Menu          (see above)
 |  |  |  |  
 |  |  |  +- FillListData        
 |  |  |     | 
 |  |  |     +- SetTel_Num           (see above)
 |  |  |        
 |  |  +- Tel_HookOFF_Do      
 |  |  |  | 
 |  |  |  +- StopPlayMelody       (see above)
 |  |  |  |  
 |  |  |  +- SetSwitchIcon        (see above)
 |  |  |  |  
 |  |  |  +- SetButton_State      (see above)
 |  |  |  |  
 |  |  |  +- memset               (see above)
 |  |  |  |  
 |  |  |  +- ShowTelNum           (see above)
 |  |  |  |  
 |  |  |  +- memcpy               (see above)
 |  |  |  |  
 |  |  |  +- Telephone_Number_Push
 |  |  |     | 
 |  |  |     +- Number_T            
 |  |  |          
 |  |  +- SaveTelephoneNumber 
 |  |  |  | 
 |  |  |  +- memcpy               (see above)
 |  |  |  |  
 |  |  |  +- WriteData            (see above)
 |  |  |     
 |  |  +- RoomType_Init        (see above)
 |  |  |  
 |  |  +- ScenarioMenu_Init    (see above)
 |  |  |  
 |  |  +- HomeHA_RoomButtonWithFilter_Check
 |  |  |  | 
 |  |  |  +- _ILSL                (see above)
 |  |  |  |  
 |  |  |  +- IfBelongType        
 |  |  |     | 
 |  |  |     +- _Jump_Table_Offset   (see above)
 |  |  |        
 |  |  +- HA_Button_Init_CallBack_Filter
 |  |  |  | 
 |  |  |  +- LoadJD_Menu          (see above)
 |  |  |  |  
 |  |  |  +- HomeHA_RoomTitle_Init
 |  |  |     | 
 |  |  |     +- SetSwitchIcon        (see above)
 |  |  |     |  
 |  |  |     +- SetButton_Name       (see above)
 |  |  |        
 |  |  +- AlarmSystemZoneName_Init
 |  |  |  | 
 |  |  |  +- SetButton_Name       (see above)
 |  |  |     
 |  |  +- SaveAlarmEnableFlag 
 |  |  |  | 
 |  |  |  +- WriteData            (see above)
 |  |  |     
 |  |  +- Alarm_Logo          
 |  |  |  | 
 |  |  |  +- SetControl_State     (see above)
 |  |  |     
 |  |  +- Long_Tone            (see above)
 |  |  |  
 |  |  +- CancleAllDelayAlarm 
 |  |  |  | 
 |  |  |  +- ShowRecount          (see above)
 |  |  |     
 |  |  +- CheckPasswordForInstaller
 |  |  |    
 |  |  +- Home_Alarm          
 |  |  |  | 
 |  |  |  +- SaveAlarmEnableFlag  (see above)
 |  |  |  |  
 |  |  |  +- SetSwitchIcon        (see above)
 |  |  |  |  
 |  |  |  +- Alarm_Logo           (see above)
 |  |  |     
 |  |  +- Away_Alarm          
 |  |  |  | 
 |  |  |  +- SaveAlarmEnableFlag  (see above)
 |  |  |  |  
 |  |  |  +- SetSwitchIcon        (see above)
 |  |  |  |  
 |  |  |  +- Alarm_Logo           (see above)
 |  |  |     
 |  |  +- AlarmStatus_Name_Init
 |  |  |  | 
 |  |  |  +- SetTel_Num           (see above)
 |  |  |     
 |  |  +- Tel_MemoryName_Init  (see above)
 |  |  |  
 |  |  +- _ILSL                (see above)
 |  |  |  
 |  |  +- ShowNextAlarm       
 |  |  |  | 
 |  |  |  +- _ILSL                (see above)
 |  |  |  |  
 |  |  |  +- ReScanAlarmEvent    
 |  |  |     | 
 |  |  |     +- _IMUL_STAR08         (see above)
 |  |  |     |  
 |  |  |     +- CheckAlarmEvent     
 |  |  |     |    
 |  |  |     +- SetSwitchIcon        (see above)
 |  |  |        
 |  |  +- RoomType_Init_Back0 
 |  |  |  | 
 |  |  |  +- RoomType_Init        (see above)
 |  |  |     
 |  |  +- CheckMenu           
 |  |  |  | 
 |  |  |  +- Object_Button_Visible
 |  |  |     | 
 |  |  |     +- _ICMP                (see above)
 |  |  |     |  
 |  |  |     +- InPutQuere           (see above)
 |  |  |        
 |  |  +- HomeHA_RoomButton_TypePress_Filter
 |  |  |  | 
 |  |  |  +- _ILSL                (see above)
 |  |  |  |  
 |  |  |  +- IfBelongType         (see above)
 |  |  |  |  
 |  |  |  +- AC_Menu_Init        
 |  |  |  |  | 
 |  |  |  |  +- SetSwitchIcon        (see above)
 |  |  |  |  |  
 |  |  |  |  +- Init_HVAC_CH        
 |  |  |  |  |  | 
 |  |  |  |  |  +- SetSwitchIcon        (see above)
 |  |  |  |  |     
 |  |  |  |  +- Init_HVAC_Speed     
 |  |  |  |  |  | 
 |  |  |  |  |  +- SetSwitchIcon        (see above)
 |  |  |  |  |     
 |  |  |  |  +- Init_AC_CH          
 |  |  |  |  |  | 
 |  |  |  |  |  +- SetSwitchIcon        (see above)
 |  |  |  |  |     
 |  |  |  |  +- Init_AC_Speed       
 |  |  |  |  |  | 
 |  |  |  |  |  +- SetSwitchIcon        (see above)
 |  |  |  |  |     
 |  |  |  |  +- Init_AC_mode        
 |  |  |  |  |  | 
 |  |  |  |  |  +- SetSwitchIcon        (see above)
 |  |  |  |  |     
 |  |  |  |  +- Init_AC_Swing       
 |  |  |  |  |  | 
 |  |  |  |  |  +- SetSwitchIcon        (see above)
 |  |  |  |  |     
 |  |  |  |  +- Init_AC_Temperature 
 |  |  |  |     | 
 |  |  |  |     +- SetSwitchIcon        (see above)
 |  |  |  |        
 |  |  |  +- LoadJD_Menu          (see above)
 |  |  |  |  
 |  |  |  +- SetSwitchIcon        (see above)
 |  |  |  |  
 |  |  |  +- KNX_Device_Control_Queue (see above)
 |  |  |     
 |  |  +- HomeHA_RoomButton_Press_Filter
 |  |  |  | 
 |  |  |  +- _ILSL                (see above)
 |  |  |  |  
 |  |  |  +- IfBelongType         (see above)
 |  |  |  |  
 |  |  |  +- AC_Menu_Init         (see above)
 |  |  |  |  
 |  |  |  +- LoadJD_Menu          (see above)
 |  |  |  |  
 |  |  |  +- SetSwitchIcon        (see above)
 |  |  |  |  
 |  |  |  +- KNX_Device_Control_Queue (see above)
 |  |  |     
 |  |  +- HA_Button_Name_Filter
 |  |  |  | 
 |  |  |  +- _ILSL                (see above)
 |  |  |  |  
 |  |  |  +- IfBelongType         (see above)
 |  |  |  |  
 |  |  |  +- SetTel_Num           (see above)
 |  |  |     
 |  |  +- HomeHA_RoomDimmerButton_Press
 |  |  |  | 
 |  |  |  +- _ILSL                (see above)
 |  |  |  |  
 |  |  |  +- SetSwitchIcon        (see above)
 |  |  |  |  
 |  |  |  +- _IDIVS_STAR08       
 |  |  |  |  | 
 |  |  |  |  +- _SPLITSIGN          
 |  |  |  |     | 
 |  |  |  |     +- _IDIVMOD             (see above)
 |  |  |  |        
 |  |  |  +- KNX_Device_Control_Queue (see above)
 |  |  |  |  
 |  |  |  +- abc                 
 |  |  |       
 |  |  +- HomeHA_RoomRGBButton_Press
 |  |  |  | 
 |  |  |  +- _ILSL                (see above)
 |  |  |  |  
 |  |  |  +- KNX_Device_Control_Queue (see above)
 |  |  |     
 |  |  +- HomeHA_ShutterPositionButton_Press_Right
 |  |  |  | 
 |  |  |  +- _ILSL                (see above)
 |  |  |  |  
 |  |  |  +- KNX_Device_Control_Queue (see above)
 |  |  |  |  
 |  |  |  +- abc                  (see above)
 |  |  |     
 |  |  +- HomeHA_ShutterButton_Press
 |  |  |  | 
 |  |  |  +- _ILSL                (see above)
 |  |  |  |  
 |  |  |  +- KNX_Device_Control_Queue (see above)
 |  |  |     
 |  |  +- HomeHA_ShutterAdjustButton_Press
 |  |  |  | 
 |  |  |  +- _ILSL                (see above)
 |  |  |  |  
 |  |  |  +- KNX_Device_Control_Queue (see above)
 |  |  |  |  
 |  |  |  +- abc                  (see above)
 |  |  |     
 |  |  +- HomeHA_ShutterPositionButton_Press
 |  |  |  | 
 |  |  |  +- _ILSL                (see above)
 |  |  |  |  
 |  |  |  +- KNX_Device_Control_Queue (see above)
 |  |  |  |  
 |  |  |  +- abc                  (see above)
 |  |  |     
 |  |  +- Init_AC_Temperature  (see above)
 |  |  |  
 |  |  +- HomeHA_ACButton_Press
 |  |  |  | 
 |  |  |  +- _ILSL                (see above)
 |  |  |  |  
 |  |  |  +- _SEXT16_32          
 |  |  |  |    
 |  |  |  +- FloatToInt          
 |  |  |  |  | 
 |  |  |  |  +- _LDEC               
 |  |  |  |  |  | 
 |  |  |  |  |  +- _ENTER_UNARY_L      
 |  |  |  |  |       
 |  |  |  |  +- _POP32              
 |  |  |  |  |    
 |  |  |  |  +- _LNOT               
 |  |  |  |  |  | 
 |  |  |  |  |  +- _ENTER_UNARY_L       (see above)
 |  |  |  |  |     
 |  |  |  |  +- _LCMP_RC            
 |  |  |  |  |  | 
 |  |  |  |  |  +- _ENTER_BINARY_L_RC  
 |  |  |  |  |  |  | 
 |  |  |  |  |  |  +- _PUSH_ARGS_L        
 |  |  |  |  |  |       
 |  |  |  |  |  +- _LCMP_k_rel_j       
 |  |  |  |  |       
 |  |  |  |  +- _ILSL                (see above)
 |  |  |  |     
 |  |  |  +- KNX_Device_Control_Queue (see above)
 |  |  |  |  
 |  |  |  +- OpenHeatChannel     
 |  |  |  |  | 
 |  |  |  |  +- KNX_Device_Control_Queue (see above)
 |  |  |  |     
 |  |  |  +- CloseCoolChannel    
 |  |  |  |  | 
 |  |  |  |  +- KNX_Device_Control_Queue (see above)
 |  |  |  |     
 |  |  |  +- CloseHeatChannel    
 |  |  |  |  | 
 |  |  |  |  +- KNX_Device_Control_Queue (see above)
 |  |  |  |     
 |  |  |  +- OpenCoolChannel     
 |  |  |     | 
 |  |  |     +- KNX_Device_Control_Queue (see above)
 |  |  |        
 |  |  +- Init_AC_CH           (see above)
 |  |  |  
 |  |  +- OpenHeatChannel      (see above)
 |  |  |  
 |  |  +- CloseCoolChannel     (see above)
 |  |  |  
 |  |  +- CloseHeatChannel     (see above)
 |  |  |  
 |  |  +- OpenCoolChannel      (see above)
 |  |  |  
 |  |  +- Init_HVAC_CH         (see above)
 |  |  |  
 |  |  +- HVAC_Power_ON_OffCallBack
 |  |  |  | 
 |  |  |  +- HomeHA_ACButton_Press (see above)
 |  |  |     
 |  |  +- HVAC_ComfortModoCallBack
 |  |  |  | 
 |  |  |  +- HomeHA_ACButton_Press (see above)
 |  |  |     
 |  |  +- HVAC_NightModeCallBack
 |  |  |  | 
 |  |  |  +- HomeHA_ACButton_Press (see above)
 |  |  |     
 |  |  +- Init_HVAC_Speed      (see above)
 |  |  |  
 |  |  +- memset               (see above)
 |  |  |  
 |  |  +- _IMODS_STAR08       
 |  |  |  | 
 |  |  |  +- _SPLITSIGN           (see above)
 |  |  |     
 |  |  +- _IDIVS_STAR08        (see above)
 |  |  |  
 |  |  +- HomeHA_RoomButtonWithFilter_Init
 |  |  |  | 
 |  |  |  +- _ILSL                (see above)
 |  |  |  |  
 |  |  |  +- IfBelongType         (see above)
 |  |  |  |  
 |  |  |  +- memcpy               (see above)
 |  |  |  |  
 |  |  |  +- InPutQuere           (see above)
 |  |  |     
 |  |  +- Init_AC_mode         (see above)
 |  |  |  
 |  |  +- _IMUL_STAR08         (see above)
 |  |  |  
 |  |  +- Init_AC_Speed        (see above)
 |  |  |  
 |  |  +- Init_AC_Swing        (see above)
 |  |  |  
 |  |  +- Video                (see above)
 |  |  |  
 |  |  +- UpdataTemperatureTOBus
 |  |  |  | 
 |  |  |  +- _SEXT16_32           (see above)
 |  |  |  |  
 |  |  |  +- FloatToInt           (see above)
 |  |  |  |  
 |  |  |  +- KNX_Device_Control_Queue (see above)
 |  |  |     
 |  |  +- If_JD_Call_Empty    
 |  |  |    
 |  |  +- _ICMP                (see above)
 |  |     
 |  +- JD_TX_Managment     
 |  |  | 
 |  |  +- memcpy               (see above)
 |  |  |  
 |  |  +- _ICMP                (see above)
 |  |     
 |  +- FlashEvent          
 |  |  | 
 |  |  +- FlashCopyFuntion1   
 |  |  |  | 
 |  |  |  +- _ILSL                (see above)
 |  |  |  |  
 |  |  |  +- CopyPage             (see above)
 |  |  |  |  
 |  |  |  +- WritePage            (see above)
 |  |  |  |  
 |  |  |  +- ErasePage           
 |  |  |     | 
 |  |  |     +- flash_page_erase     (see above)
 |  |  |        
 |  |  +- SaveInfQueue         (see above)
 |  |     
 |  +- DTMF_Management     
 |  |  | 
 |  |  +- _Jump_Table_Header_Offset (see above)
 |  |  |  
 |  |  +- Tel_Call            
 |  |  |  | 
 |  |  |  +- Delay               
 |  |  |       
 |  |  +- Tel_Call_StopCode   
 |  |     | 
 |  |     +- Delay                (see above)
 |  |        
 |  +- Telephone_Call_Detect
 |  |  | 
 |  |  +- _Jump_Table_Header_Addr (see above)
 |  |  |  
 |  |  +- SetSwitchIcon        (see above)
 |  |  |  
 |  |  +- Courtesy_tone        (see above)
 |  |  |  
 |  |  +- Play_New_Melody      (see above)
 |  |  |  
 |  |  +- Stop_tone            (see above)
 |  |  |  
 |  |  +- SetButton_State      (see above)
 |  |  |  
 |  |  +- memset               (see above)
 |  |  |  
 |  |  +- ShowTelNum           (see above)
 |  |     
 |  +- JD_CallBack         
 |  |    
 |  +- TimeEvent           
 |  |  | 
 |  |  +- If_JD_Call_Empty     (see above)
 |  |  |  
 |  |  +- _ILSR                (see above)
 |  |  |  
 |  |  +- HomeHA_ACButton_Press (see above)
 |  |  |  
 |  |  +- HomeHA_RoomRGBButton_Press (see above)
 |  |  |  
 |  |  +- KNX_Device_Control_Queue (see above)
 |  |     
 |  +- CheckRecount_Timer  
 |  |  | 
 |  |  +- If_JD_Call_Empty     (see above)
 |  |  |  
 |  |  +- ReadTime_From_JDBoard (see above)
 |  |     
 |  +- KNX_TX_Managment    
 |  |  | 
 |  |  +- KNX_Device_Control  
 |  |       
 |  +- KNX_RC_Managment    
 |  |  | 
 |  |  +- memcpy               (see above)
 |  |  |  
 |  |  +- memset               (see above)
 |  |  |  
 |  |  +- Rx_KNX_Verify       
 |  |     | 
 |  |     +- IsEn_Dis_Alarm      
 |  |     |  | 
 |  |     |  +- Away_Alarm           (see above)
 |  |     |  |  
 |  |     |  +- Home_Alarm           (see above)
 |  |     |     
 |  |     +- IsMydvice_ID        
 |  |     |    
 |  |     +- SetSwitchIcon        (see above)
 |  |     |  
 |  |     +- ScanAlarmEvent      
 |  |     |  | 
 |  |     |  +- _IMUL_STAR08         (see above)
 |  |     |  |  
 |  |     |  +- CheckAlarmEvent      (see above)
 |  |     |  |  
 |  |     |  +- If_need_Wakeup_LCD   (see above)
 |  |     |  |  
 |  |     |  +- LoadJD_Menu          (see above)
 |  |     |  |  
 |  |     |  +- AlarmSystemZoneName_Init (see above)
 |  |     |     
 |  |     +- SetControl_State     (see above)
 |  |     |  
 |  |     +- IsMyUpdataStatus    
 |  |     |  | 
 |  |     |  +- _ILSL                (see above)
 |  |     |  |  
 |  |     |  +- UpdataStatusHomeHA_RoomButtonWithFilter_Init
 |  |     |     | 
 |  |     |     +- _ILSL                (see above)
 |  |     |     |  
 |  |     |     +- IfBelongType         (see above)
 |  |     |     |  
 |  |     |     +- SetSwitchIcon        (see above)
 |  |     |        
 |  |     +- IsMyACStatus        
 |  |     |  | 
 |  |     |  +- _ILSL                (see above)
 |  |     |  |  
 |  |     |  +- KNX_Device_Control_Queue (see above)
 |  |     |  |  
 |  |     |  +- IntToFloat          
 |  |     |     | 
 |  |     |     +- _ILSR                (see above)
 |  |     |     |  
 |  |     |     +- _LDIVU_RC           
 |  |     |        | 
 |  |     |        +- _ENTER_BINARY_L_RC   (see above)
 |  |     |        |  
 |  |     |        +- _LDIVU_k_is_k_div_j 
 |  |     |           | 
 |  |     |           +- _LDIVMOD            
 |  |     |                
 |  |     +- _ILSL                (see above)
 |  |        
 |  +- BlueToothScan       
 |  |    
 |  +- External_Button_Scan
 |  |    
 |  +- Rc_Tel_Num          
 |     | 
 |     +- Rc_Tel_Verify       
 |     |  | 
 |     |  +- _ICMP                (see above)
 |     |     
 |     +- memcmp              
 |     |    
 |     +- memset               (see above)
 |     |  
 |     +- memcpy               (see above)
 |     |  
 |     +- ShowTelNum           (see above)
 |     |  
 |     +- Telephone_Number_Push (see above)
 |        
 +- _Startup            
    | 
    +- Init                
    |  | 
    |  +- loadByte            
    |       
    +- main                 (see above)
       
 _vect               
 | 
 +- isrVsci2tx          
 |    
 +- isrVsci2rx          
 |    
 +- isrVsci2err         
 |    
 +- isrVsci1tx          
 |    
 +- isrVsci1rx          
 |    
 +- isrVsci1err         
 |    
 +- isr_tone_chiam      
 |    
 +- Vtpm1ovf_ISR        
 |    
 +- capture_ISR         
 |  | 
 |  +- pluse_width_val     
 |  |  | 
 |  |  +- _COPY                (see above)
 |  |     
 |  +- _LSUB_RC            
 |  |  | 
 |  |  +- _ENTER_BINARY_L_RC   (see above)
 |  |  |  
 |  |  +- _LSUB_k_is_k_minus_j
 |  |       
 |  +- _LCMP_RC             (see above)
 |  |  
 |  +- _LCMP               
 |  |  | 
 |  |  +- _ENTER_BINARY_L     
 |  |  |  | 
 |  |  |  +- _PUSH_ARGS_L         (see above)
 |  |  |     
 |  |  +- _LCMP_k_rel_j        (see above)
 |  |     
 |  +- _LADD_RC            
 |     | 
 |     +- _ENTER_BINARY_L_RC   (see above)
 |     |  
 |     +- _LADD_k_is_k_plus_j 
 |          
 +- TimerDriver_der     
 |  | 
 |  +- _Jump_Table_Header_Addr (see above)
 |  |  
 |  +- Enable_int_rx_der   
 |  |    
 |  +- TxBuffer_der         (see above)
 |     
 +- isr_Pin_rx_der      
 |  | 
 |  +- DisableStartRx_der  
 |  |    
 |  +- InitRx_der           (see above)
 |     
 +- Timer_2milli        
 |    
 +- isrVicg             
 |    
 +- isrVirq             
 |    
 +- _Startup             (see above)
    
*********************************************************************************************
STATISTIC SECTION
---------------------------------------------------------------------------------------------

ExeFile:
--------
Number of blocks to be downloaded: 33
Total size of all blocks to be downloaded: 52102

